// Jest Snapshot v1, https://goo.gl/fbAQLP

exports[`app-container should match snapshot 1`] = `
<nav
  className="main-nav"
>
  <h1
    className="main-nav__title"
  >
    <a
      href="/"
    >
      general.name
      <span
        className="separator"
      >
         :: 
      </span>
      <span>
        general.role
      </span>
    </a>
    <div
      className="main-nav__edge"
    />
  </h1>
  <div
    className="main-nav__slant"
  />
  <div
    className="main-nav__links--desktop"
  >
    <ul
      className="main-nav__links"
    >
      <a
        href="#"
        key="0"
      >
        <li>
          <span
            className="index"
          >
            01
          </span>
          app.nav.links
        </li>
      </a>
    </ul>
  </div>
  <div
    className="main-nav__links--mobile"
  >
    <div
      className="main-nav__links--menu"
      onClick={[Function]}
    >
      <img
        alt=""
        src="/img/menu.png"
      />
    </div>
    <ul
      className="main-nav__links "
    >
      <a
        href="#"
        key="0"
      >
        <li>
          <span
            className="index"
          >
            01
          </span>
          app.nav.links
        </li>
      </a>
    </ul>
  </div>
</nav>
`;
