// Jest Snapshot v1, https://goo.gl/fbAQLP

exports[`app-container should match snapshot 1`] = `
<nav
  className="main-nav "
>
  <h1
    className="main-nav__title"
  >
    <a
      href="/"
    >
      general.name
      <span
        className="separator"
      >
         :: 
      </span>
      <span>
        general.role
      </span>
    </a>
    <div
      className="main-nav__edge"
    />
  </h1>
  <div
    className="main-nav__slant"
  />
  <div
    className="main-nav__links--desktop"
  >
    <ul
      className="main-nav__links"
    >
      <Link
        key="0"
        replace={false}
        to="/"
      >
        <li>
          <span
            className="index"
          >
            01
          </span>
          app.nav.links.home
        </li>
      </Link>
      <Link
        key="1"
        replace={false}
        to="/projects/"
      >
        <li>
          <span
            className="index"
          >
            02
          </span>
          app.nav.links.projects
        </li>
      </Link>
      <Link
        key="2"
        replace={false}
        to="/cv/"
      >
        <li>
          <span
            className="index"
          >
            03
          </span>
          app.nav.links.cv
        </li>
      </Link>
      <Link
        key="3"
        replace={false}
        to="/blog/"
      >
        <li>
          <span
            className="index"
          >
            04
          </span>
          app.nav.links.blog
        </li>
      </Link>
      <Link
        key="4"
        replace={false}
        to="/contact-me/"
      >
        <li>
          <span
            className="index"
          >
            05
          </span>
          app.nav.links.contact
        </li>
      </Link>
    </ul>
  </div>
  <div
    className="main-nav__links--mobile"
  >
    <div
      className="main-nav__links--menu"
      onClick={[Function]}
    >
      <img
        alt=""
        src="/img/menu.png"
      />
    </div>
    <ul
      className="main-nav__links "
    >
      <Link
        key="0"
        replace={false}
        to="/"
      >
        <li>
          <span
            className="index"
          >
            01
          </span>
          app.nav.links.home
        </li>
      </Link>
      <Link
        key="1"
        replace={false}
        to="/projects/"
      >
        <li>
          <span
            className="index"
          >
            02
          </span>
          app.nav.links.projects
        </li>
      </Link>
      <Link
        key="2"
        replace={false}
        to="/cv/"
      >
        <li>
          <span
            className="index"
          >
            03
          </span>
          app.nav.links.cv
        </li>
      </Link>
      <Link
        key="3"
        replace={false}
        to="/blog/"
      >
        <li>
          <span
            className="index"
          >
            04
          </span>
          app.nav.links.blog
        </li>
      </Link>
      <Link
        key="4"
        replace={false}
        to="/contact-me/"
      >
        <li>
          <span
            className="index"
          >
            05
          </span>
          app.nav.links.contact
        </li>
      </Link>
    </ul>
  </div>
</nav>
`;
